# HTTP Cookie File
# This is a generated file!  Do not edit.
localhost	FALSE	Cookies/CookieGood.httpfile	FALSE	1841606119	Test	Expires
